// Bun Snapshot v1, https://bun.sh/docs/test/snapshots

exports[`the runtime exports of every public subpath are the reviewed ones 1`] = `
{
  ".": [],
  "./broker": [
    "PRESERVED_PASSWORD_HINT",
    "cloudBrokerLink",
    "getBrokerRemoteClient",
    "getPluginResourceStore",
    "resolveTickerFinancialsForInstrument",
    "setBrokerRemoteClient",
    "setPluginResourceStore",
  ],
  "./capabilities": [
    "AI_RUNNER_CAPABILITY_ID",
    "BROKER_CAPABILITY_ID",
    "CHART_SERIES_CAPABILITY_KIND",
    "CapabilityRegistry",
    "MAX_CHART_SERIES_CATALOG_ITEMS",
    "MAX_CHART_SERIES_POINTS",
    "NOTES_FILES_CAPABILITY_ID",
    "assetDataProvider",
    "chartSeriesCapabilityManifests",
    "chartSeriesCatalogOutputSchema",
    "chartSeriesCatalogRequestSchema",
    "chartSeriesProvider",
    "chartSeriesResolveOutputSchema",
    "chartSeriesResolveRequestSchema",
    "chartSeriesSourceKey",
    "createChartSeriesResolver",
    "getCapabilityStreamClient",
    "isValidChartCapabilityId",
    "isValidChartSeriesId",
    "newsProvider",
    "recordSchema",
    "searchChartSeriesCapabilities",
    "setCapabilityStreamClient",
  ],
  "./components": [
    "ActionRow",
    "Badge",
    "BulletList",
    "Button",
    "ButtonActionScope",
    "ChartStrip",
    "ChartTableHeader",
    "Checkbox",
    "ChoiceDialog",
    "CompositeChart",
    "ConfirmDialog",
    "CurveSurface",
    "DataTable",
    "DataTableStackView",
    "DataTableView",
    "DetailScrollBody",
    "DialogFrame",
    "DisclosureMarker",
    "Divider",
    "EMPTY_TABLE_CELL",
    "EmptyState",
    "ExternalLink",
    "ExternalLinkText",
    "FeedDataTableStackView",
    "FieldGrid",
    "FigureList",
    "GridFieldView",
    "ICON_GLYPHS",
    "Icon",
    "IconButton",
    "InlineQuickAddRow",
    "InlineTickerBadge",
    "InputSearchBar",
    "KeyValueRow",
    "ListView",
    "MarkdownText",
    "MarketBoardStack",
    "Menu",
    "MenuPopover",
    "MessageComposer",
    "MetricTreemapSurface",
    "MultiSelectDialogButton",
    "MultiSelectDialogContent",
    "NestedPaneTabs",
    "Notice",
    "NumberField",
    "NumberPromptDialog",
    "PageStackView",
    "PaneFooterScope",
    "PaneLinkMenu",
    "PaneSidebar",
    "PaneSidebarAction",
    "PaneSidebarRow",
    "PaneStatusBody",
    "Popover",
    "PriceSelectorDialog",
    "Prose",
    "QueryBar",
    "READING_WIDTH",
    "RemoteImage",
    "Section",
    "SectionHeading",
    "SegmentedControl",
    "SelectButton",
    "ShortcutHint",
    "SpeedometerGauge",
    "Spinner",
    "StatGrid",
    "StaticChartSurface",
    "Tabs",
    "TextField",
    "TickerBadgeList",
    "TickerBadgeText",
    "TickerListTableView",
    "activeStackIndex",
    "buildMetricTreemapNavigationTiles",
    "buildSectionedRows",
    "chartTableChromeRows",
    "chartTableLayout",
    "createRowValueCache",
    "curveGhostColors",
    "curveSlope",
    "curveStrip",
    "curveSurfaceMinRows",
    "fieldGridColumns",
    "fieldGridRows",
    "findMetricTreemapNeighbor",
    "formatBpAxis",
    "formatPercentAxis",
    "getColumnValue",
    "getMessageComposerBlockHeight",
    "getPaneSidebarWidth",
    "getPaneSidebarWidthRange",
    "getSortValue",
    "historyStatistics",
    "isSectionedItemRow",
    "isTableScrollNearEnd",
    "loadingErrorFooterInfo",
    "loadingText",
    "openUrl",
    "pricePointsToResolvedSeries",
    "readStoredPaneSidebarWidth",
    "renderSectionedRowHeader",
    "resolveChartPalette",
    "scalarPoint",
    "sectionedRowsHeight",
    "shouldShowPaneSidebar",
    "sortStackItems",
    "spanAxisFormatter",
    "spanDigits",
    "statGridColumns",
    "statGridRows",
    "staticSeries",
    "unavailableText",
    "useChartTableLayout",
    "useChartTableSelection",
    "useExternalLinkFooter",
    "usePaneFooter",
    "usePaneHeaderTabs",
    "usePaneLinkMenuEntry",
    "usePaneMenuItems",
    "usePaneNoticeFooter",
    "usePaneStatusFooter",
    "usePaneStatusLinkFooter",
    "usePaneTicker",
    "useTableLoadMore",
    "useTickerRowPaneMenu",
  ],
  "./dialog": [
    "DialogHostProvider",
    "useDialog",
    "useDialogKeyboard",
    "useDialogState",
    "useOptionalDialog",
  ],
  "./i18n": [
    "t",
    "tc",
    "tf",
    "useAppLanguage",
  ],
  "./layout": [
    "openPaneForLaunch",
    "seedPaneLaunchSession",
  ],
  "./market-data": [
    "YahooHttpClient",
    "computeTickerPriceReturns",
    "currencyMinorDigits",
    "formatCompactMarketPriceWithCurrency",
    "formatMarketChangeWithCurrency",
    "formatMarketCost",
    "formatMarketCostWithCurrency",
    "formatMarketPrice",
    "formatMarketPriceWithCurrency",
    "formatMarketQuantity",
    "formatPriceObservation",
    "formatSignedMarketPrice",
    "getSharedMarketDataCoordinator",
    "hasValidQuoteObservationTime",
    "instrumentFromTicker",
    "liveQuoteFormatOptions",
    "marketPriceFractionDigitCeiling",
    "quoteFormatOptions",
    "quoteReferencePrice",
    "quoteSubscriptionTargetFromTicker",
    "resolveAssetDisplayKind",
    "selectMarketCapitalization",
    "stablePriceFractionDigits",
    "withCurrencyMinorDigits",
    "withStablePriceDigits",
  ],
  "./quotes": [
    "DEFAULT_QUOTE_POLL_INTERVAL_MS",
    "LIVE_STREAMING_QUICK_SETTING",
    "LIVE_STREAMING_SETTING_FIELD",
    "LIVE_STREAMING_SETTING_KEY",
    "buildScreenerQuoteTargets",
    "overlayScreenerQuoteEntries",
    "resolveLiveStreamingSetting",
    "resolveScreenerQuoteFeedStatus",
    "useLiveQuoteEntries",
    "useLiveStreamingSetting",
    "useQuoteUpdates",
    "withLiveStreamingSetting",
  ],
  "./react": [
    "AGE_TICK_MS",
    "AppContext",
    "ConnectionHealthRegistry",
    "DEFAULT_MAX_READ_IDS",
    "PaneInstanceProvider",
    "deletePluginPaneStateValue",
    "getPluginPaneStateValue",
    "markPersistedReadId",
    "normalizePersistedReadIdState",
    "resolveTickerForPane",
    "setPluginPaneStateValue",
    "useAppConfig",
    "useAppDispatch",
    "useAppSelector",
    "useAppVisible",
    "useAssetData",
    "useAsyncResource",
    "useAutoRefresh",
    "useBrokerAccounts",
    "useCapabilityInvoker",
    "useConnectionHealth",
    "useDebouncedPluginPaneState",
    "useFxRatesMap",
    "useInlineTickerOpener",
    "useInlineTickers",
    "useInputCapture",
    "useLiveTickerFinancials",
    "useLiveTickerFinancialsMap",
    "useMarketData",
    "usePaneCollection",
    "usePaneInstance",
    "usePaneInstanceId",
    "usePaneSettingValue",
    "usePaneStateValue",
    "usePaneTicker",
    "usePaneTickerIdentity",
    "usePaneTitle",
    "usePaneVisible",
    "usePersistedReadIds",
    "usePluginAppActions",
    "usePluginBrokerActions",
    "usePluginConfigState",
    "usePluginPaneActions",
    "usePluginPaneState",
    "usePluginState",
    "usePluginTickerActions",
    "usePrunePluginPaneState",
    "useSetPluginConfigStates",
    "useShortcut",
    "useTickerFinancialsMap",
    "useTickerSourceActivate",
    "useTickers",
    "useUpdatedAgo",
    "useViewport",
  ],
  "./remote": [
    "sendRemoteControlRequest",
  ],
  "./test-support": [
    "AppContext",
    "AppPersistence",
    "JsonTickerRepository",
    "MemoryPluginPersistence",
    "PaneFooterBar",
    "PaneFooterProvider",
    "PaneInstanceProvider",
    "PluginRenderProvider",
    "TestDialogProvider",
    "TestPaneProvider",
    "appReducer",
    "clearPersistedBrokerAccounts",
    "createConfigBackedTestPluginRuntime",
    "createInitialState",
    "createOpenTuiTestRoot",
    "createStatefulTestPluginRuntime",
    "createStaticAppStore",
    "createTestDataProvider",
    "createTestPaneConfig",
    "createTestPluginRuntime",
    "createTestTicker",
    "emitKeypress",
    "getBrokerAccountCacheSourceKey",
    "getSharedMarketData",
    "loadPersistedBrokerAccountMap",
    "loadPersistedBrokerAccounts",
    "persistBrokerAccounts",
    "setSharedMarketDataForTests",
    "setSharedRegistryForTests",
    "settleFrame",
    "testRender",
  ],
  "./theme": [
    "applyTheme",
    "blendHex",
    "clearTransientThemePreview",
    "colors",
    "commandBarAccentText",
    "commandBarBadgeText",
    "commandBarBg",
    "commandBarHeadingText",
    "commandBarHoverBg",
    "commandBarInputBg",
    "commandBarMatchText",
    "commandBarPanelBg",
    "commandBarSelectedBg",
    "commandBarSelectedText",
    "commandBarSubtleText",
    "commandBarText",
    "floatingPaneBg",
    "floatingPaneTitleBg",
    "getChartIndicatorColor",
    "getCurrentThemeId",
    "getThemeColors",
    "hoverBg",
    "paneBg",
    "paneTitleBg",
    "paneTitleText",
    "previewTheme",
    "priceColor",
    "syncTheme",
  ],
  "./tickers": [
    "emitTickerAdded",
    "findExactTickerSearchMatch",
    "getTickerRepository",
    "upsertTickerFromSearchResult",
  ],
  "./time-series": [
    "CHART_RESOLUTIONS",
    "CHART_RESOLUTION_STEP_MS",
    "CHART_SPEC_VERSION",
    "DEFAULT_CHART_RESOLUTION_SUPPORT",
    "TIME_RANGES",
    "TIME_RANGE_ORDER",
    "clampTimeRangeToMaxRange",
    "getBestSupportedResolutionForVisibleWindow",
    "getChartResolutionLabel",
    "getExpandedBufferRange",
    "getNextBufferRange",
    "getPresetResolution",
    "getSupportMaxRange",
    "getSupportedChartResolutionsForViewport",
    "getSupportedPresetResolution",
    "intersectChartResolutionSupport",
    "isIntradayResolution",
    "isRangePresetSupported",
    "normalizeChartResolution",
    "normalizeChartResolutionSupport",
    "sortChartResolutions",
  ],
  "./types/broker": [
    "resolveBrokerConfigFields",
  ],
  "./types/config": [
    "CHART_COMPOSER_PANE_ID",
    "CURRENT_CONFIG_VERSION",
    "DEFAULT_COLUMNS",
    "DEFAULT_LAYOUT",
    "DEFAULT_PORTFOLIO_COLUMN_IDS",
    "LEGACY_TICKER_DETAIL_PANE_ID",
    "TICKER_RESEARCH_PANE_ID",
    "cloneLayout",
    "clonePaneSettings",
    "clonePlacementMemory",
    "createBlankLayout",
    "createDefaultConfig",
    "createPaneInstance",
    "createPaneInstanceId",
    "findPaneInstance",
    "findPrimaryPaneInstance",
    "getPlacedPaneInstanceIds",
    "isFixedTickerPane",
    "isTickerPaneId",
    "materializeDetachedPanesAsFloating",
    "normalizePaneId",
    "normalizePaneLayout",
    "removePaneInstances",
    "removeUnreachablePaneInstances",
    "resolveFollowBindingInstance",
    "resolvePaneInstance",
  ],
  "./types/data-provider": [],
  "./types/financials": [],
  "./types/instrument": [],
  "./types/persistence": [],
  "./types/plugin": [
    "ALL_PLUGIN_TARGETS",
  ],
  "./types/ticker": [],
  "./types/trading": [],
  "./ui": [
    "AsciiText",
    "Box",
    "ChartSurface",
    "ContextMenuProvider",
    "ImageSurface",
    "Input",
    "MediaSurface",
    "RGBA",
    "ScrollBox",
    "Span",
    "SpinnerMark",
    "Strong",
    "StyledText",
    "Text",
    "TextAttributes",
    "Textarea",
    "UiHostProvider",
    "Underline",
    "compactContextMenuItems",
    "contextMenuDivider",
    "editableTextContextMenuItems",
    "linkContextMenuItems",
    "tickerContextMenuItems",
    "useActionShortcut",
    "useCommandBarShortcut",
    "useContextMenu",
    "useNativeRenderer",
    "useRendererHost",
    "useSyntaxStyleFactory",
    "useTickerContextMenu",
    "useUiCapabilities",
    "useUiHost",
  ],
  "./utils": [
    "buildBrokerPortfolioId",
    "canonicalExchange",
    "canonicalTickerKey",
    "compareSortValues",
    "createBrokerInstanceId",
    "createPluginCache",
    "createThrottledFetch",
    "cycleSortPreference",
    "debugLog",
    "decodeHtmlEntities",
    "displayWidth",
    "fnv1aHashString",
    "formatCompact",
    "formatCompactCurrency",
    "formatCurrency",
    "formatGrowthShort",
    "formatNumber",
    "formatPercent",
    "formatPercentRaw",
    "formatRelativeAge",
    "formatTimeAgo",
    "formatWithDivisor",
    "getBrokerInstance",
    "getBrokerInstancesByType",
    "getCurrentPluginTarget",
    "hasLikelyQuoteUnitMismatch",
    "httpFetch",
    "isBrokerPortfolioId",
    "isPlainArrowDown",
    "isPlainArrowUp",
    "isPlainKey",
    "isPlainKeyboardEvent",
    "measurePerf",
    "measurePerfAsync",
    "nextHeaderSort",
    "normalizePriceValueByDivisor",
    "normalizeSymbol",
    "normalizedHttpUrl",
    "padTo",
    "parsePublicTickerKey",
    "pickUnit",
    "publicExchange",
    "publicTickerKey",
    "resolveCurrencyUnit",
    "resolveExchangeSubUnitCurrencyUnit",
    "resolveExchangeTimeZone",
    "resolvePriceHistoryCurrencyUnit",
    "safeExternalUrl",
    "setHttpFetchTransport",
    "splitLongTextSegmentByDisplayWidth",
    "stopSearchFocusNavigation",
    "truncateToDisplayWidth",
    "truncateWithEllipsis",
    "withDeadline",
    "wrapTextLines",
    "zonedDateTimeParts",
    "zonedWallClockToUtcMs",
  ],
}
`;
